// Jest Snapshot v1, https://goo.gl/fbAQLP

exports[`Chat SNAPSHOT 1`] = `
<div
  className="body-item"
>
  <h1>
    Chat
  </h1>
  <div
    className="innerChat"
  >
    <div
      className="innerChatChild connectionArea"
    >
      <h2>
        Your connections
      </h2>
      <ConnectionListComponent
        type={0}
      />
      <h2>
        Add connections
      </h2>
      <NonConnectionListComponent
        type={1}
      />
    </div>
    <div
      className="innerChatChild"
    >
      <h2>
        Javlets Conversation
      </h2>
      <h3
        className="w3-label w3-red"
      >
        No chat active
      </h3>
      <script
        src="https://cdnjs.cloudflare.com/ajax/libs/sockjs-client/1.1.4/sockjs.min.js"
      />
      <script
        src="https://cdnjs.cloudflare.com/ajax/libs/stomp.js/2.3.3/stomp.min.js"
      />
      <script
        src="/js/script.js"
      />
    </div>
  </div>
</div>
`;
